---
source: src/tests/snapshots.rs
expression: output
input_file: src/tests/fixtures/read_text_file.zy
---
const std = @import("std");

fn __zyre_print(val: anytype) void {
    if (comptime @typeInfo(@TypeOf(val)) == .pointer) {
        std.debug.print("{s}\n", .{val});
    } else {
        std.debug.print("{}\n", .{val});
    }
}

pub fn main() !void {
    var __zyre_arena = std.heap.ArenaAllocator.init(std.heap.page_allocator);
    defer __zyre_arena.deinit();
    const __zyre_allocator = __zyre_arena.allocator();

    const data = std.fs.cwd().readFileAlloc(__zyre_allocator, "file.txt", std.math.maxInt(usize)) catch {
    return;
};
    __zyre_print(data);
}
