---
source: src/tests/snapshots.rs
expression: output
input_file: src/tests/fixtures/fn_call.zy
---
const std = @import("std");

fn __zyre_print(val: anytype) void {
    if (comptime @typeInfo(@TypeOf(val)) == .pointer) {
        std.debug.print("{s}\n", .{val});
    } else {
        std.debug.print("{}\n", .{val});
    }
}

fn add(a: i32, b: i32) i32 {
    return (a + b);
}

pub fn main() !void {
    var __zyre_arena = std.heap.ArenaAllocator.init(std.heap.page_allocator);
    defer __zyre_arena.deinit();
    const __zyre_allocator = __zyre_arena.allocator();
    _ = __zyre_allocator;

    __zyre_print(add(1, 2));
}
