---
source: src/tests/snapshots.rs
expression: output
input_file: src/tests/fixtures/read_text_file.zy
---
import * as __zyre_std_debug from "./zyre_std_debug.ts";
import * as __zyre_std_fs from "./zyre_std_fs.ts";

const data = (() => { try { return __zyre_std_fs.readTextFile("file.txt"); } catch (_e) { return;; } })();
__zyre_std_debug.print(data);
