---
source: src/tests/snapshots.rs
expression: output
input_file: src/tests/fixtures/switch_stmt.zy
---
const std = @import("std");
const __zyre_runtime = @import("zyre_runtime.zig");
const __zyre_std_debug = @import("zyre_std_debug.zig");
const __zyre_std_fs = @import("zyre_std_fs.zig");

fn check(n: i32) void {
    switch (n) {
    1 => __zyre_std_debug.print(.{"one"}),
    2 => __zyre_std_debug.print(.{"two"}),
    else => __zyre_std_debug.print(.{"other"}),
}
}

pub fn main() !void {
    try __zyre_runtime.Output.init();
    defer __zyre_runtime.Output.restore();
    var __zyre_arena = std.heap.ArenaAllocator.init(std.heap.page_allocator);
    defer __zyre_arena.deinit();
    const __zyre_allocator = __zyre_arena.allocator();
    _ = __zyre_allocator;

    check(1);
}
